2026-07-15 00:37:35,342 - WARNING - OPM Mismatch: ADANIENSOL Mar 2024 - Computed: 34.38911302462817, Source: 30.0
2026-07-15 00:37:35,343 - WARNING - OPM Mismatch: AXISBANK Mar 2013 - Computed: 30.58161350844278, Source: 1353.0
2026-07-15 00:37:35,343 - WARNING - OPM Mismatch: AXISBANK Mar 2014 - Computed: 31.474168597630626, Source: 2307.0
2026-07-15 00:37:35,344 - WARNING - OPM Mismatch: AXISBANK Mar 2015 - Computed: 31.36221426759492, Source: 3097.0
2026-07-15 00:37:35,344 - WARNING - OPM Mismatch: AXISBANK Mar 2016 - Computed: 32.611983995315704, Source: 3466.0
2026-07-15 00:37:35,345 - WARNING - OPM Mismatch: AXISBANK Mar 2017 - Computed: 53.450675766692115, Source: -5715.0
2026-07-15 00:37:35,345 - WARNING - OPM Mismatch: AXISBANK Mar 2018 - Computed: 63.11708169506335, Source: -10277.0
2026-07-15 00:37:35,346 - WARNING - OPM Mismatch: AXISBANK Mar 2019 - Computed: 49.385298075873855, Source: -5447.0
2026-07-15 00:37:35,346 - WARNING - OPM Mismatch: AXISBANK Mar 2020 - Computed: 55.984673106090845, Source: -9859.0
2026-07-15 00:37:35,347 - WARNING - OPM Mismatch: AXISBANK Mar 2021 - Computed: 50.119976004799035, Source: -2510.0
2026-07-15 00:37:35,347 - WARNING - OPM Mismatch: AXISBANK Mar 2022 - Computed: 44.4691808777476, Source: 3170.0
2026-07-15 00:37:35,348 - WARNING - OPM Mismatch: AXISBANK Mar 2023 - Computed: 34.15645108261707, Source: 13857.0
2026-07-15 00:37:35,348 - WARNING - OPM Mismatch: AXISBANK Mar 2024 - Computed: 34.69264599658038, Source: 11952.0
2026-07-15 00:37:35,348 - WARNING - OPM Mismatch: AXISBANK TTM - Computed: 36.935495901673306, Source: 9061.0
2026-07-15 00:37:35,349 - WARNING - OPM Mismatch: BAJFINANCE Mar 2015 - Computed: 32.49258160237389, Source: 1367.0
2026-07-15 00:37:35,349 - WARNING - OPM Mismatch: BAJFINANCE Mar 2016 - Computed: 32.25099328675161, Source: 1986.0
2026-07-15 00:37:35,350 - WARNING - OPM Mismatch: BAJFINANCE Mar 2017 - Computed: 32.59779338014042, Source: 2867.0
2026-07-15 00:37:35,350 - WARNING - OPM Mismatch: BAJFINANCE Mar 2018 - Computed: 32.28463831790366, Source: 3935.0
2026-07-15 00:37:35,351 - WARNING - OPM Mismatch: BAJFINANCE Mar 2019 - Computed: 29.501812084167252, Source: 6310.0
2026-07-15 00:37:35,351 - WARNING - OPM Mismatch: BAJFINANCE Mar 2020 - Computed: 34.72738302874043, Source: 7608.0
2026-07-15 00:37:35,351 - WARNING - OPM Mismatch: BAJFINANCE Mar 2021 - Computed: 40.63659880778315, Source: 6314.0
2026-07-15 00:37:35,352 - WARNING - OPM Mismatch: BAJFINANCE Mar 2022 - Computed: 37.546221674409786, Source: 9906.0
2026-07-15 00:37:35,352 - WARNING - OPM Mismatch: BAJFINANCE Mar 2023 - Computed: 30.65127623095313, Source: 16018.0
2026-07-15 00:37:35,353 - WARNING - OPM Mismatch: BAJFINANCE Mar 2024 - Computed: 29.285818234737686, Source: 19987.0
2026-07-15 00:37:35,353 - WARNING - OPM Mismatch: BAJFINANCE TTM - Computed: 30.416352221455067, Source: 21417.0
2026-07-15 00:37:35,353 - WARNING - OPM Mismatch: BANKBARODA Mar 2013 - Computed: 30.047747104988748, Source: 1006.0
2026-07-15 00:37:35,354 - WARNING - OPM Mismatch: BANKBARODA Mar 2014 - Computed: 29.777821713664338, Source: 809.0
2026-07-15 00:37:35,354 - WARNING - OPM Mismatch: BANKBARODA Mar 2015 - Computed: 29.981075364577535, Source: 902.0
2026-07-15 00:37:35,355 - WARNING - OPM Mismatch: BANKBARODA Mar 2016 - Computed: 55.440075110810284, Source: -11700.0
2026-07-15 00:37:35,355 - WARNING - OPM Mismatch: BANKBARODA Mar 2017 - Computed: 43.28468958694039, Source: -4372.0
2026-07-15 00:37:35,355 - WARNING - OPM Mismatch: BANKBARODA Mar 2018 - Computed: 56.654941809970474, Source: -9197.0
2026-07-15 00:37:35,356 - WARNING - OPM Mismatch: BANKBARODA Mar 2019 - Computed: 48.79408762711223, Source: -5414.0
2026-07-15 00:37:35,356 - WARNING - OPM Mismatch: BANKBARODA Mar 2020 - Computed: 51.439254705621394, Source: -11728.0
2026-07-15 00:37:35,357 - WARNING - OPM Mismatch: BANKBARODA Mar 2021 - Computed: 51.22857065963344, Source: -6957.0
2026-07-15 00:37:35,357 - WARNING - OPM Mismatch: BANKBARODA Mar 2022 - Computed: 51.12488928255093, Source: -2948.0
2026-07-15 00:37:35,357 - WARNING - OPM Mismatch: BANKBARODA Mar 2023 - Computed: 40.45480037670762, Source: 6329.0
2026-07-15 00:37:35,358 - WARNING - OPM Mismatch: BANKBARODA Mar 2024 - Computed: 37.4889127294537, Source: 4102.0
2026-07-15 00:37:35,358 - WARNING - OPM Mismatch: BANKBARODA TTM - Computed: 37.423475963397344, Source: 3526.0
2026-07-15 00:37:35,359 - WARNING - OPM Mismatch: CANBK Mar 2013 - Computed: 21.182858820076316, Source: 655.0
2026-07-15 00:37:35,359 - WARNING - OPM Mismatch: CANBK Mar 2014 - Computed: 24.351781652767247, Source: -672.0
2026-07-15 00:37:35,360 - WARNING - OPM Mismatch: CANBK Mar 2015 - Computed: 23.513569032022456, Source: -621.0
2026-07-15 00:37:35,360 - WARNING - OPM Mismatch: CANBK Mar 2016 - Computed: 40.38465905220373, Source: -8008.0
2026-07-15 00:37:35,360 - WARNING - OPM Mismatch: CANBK Mar 2017 - Computed: 37.84885544057698, Source: -5775.0
2026-07-15 00:37:35,361 - WARNING - OPM Mismatch: CANBK Mar 2018 - Computed: 61.874470915467406, Source: -13350.0
2026-07-15 00:37:35,361 - WARNING - OPM Mismatch: CANBK Mar 2019 - Computed: 56.72874392609122, Source: -11590.0
2026-07-15 00:37:35,362 - WARNING - OPM Mismatch: CANBK Mar 2020 - Computed: 53.87769046805603, Source: -12867.0
2026-07-15 00:37:35,362 - WARNING - OPM Mismatch: CANBK Mar 2021 - Computed: 61.82938806883692, Source: -18367.0
2026-07-15 00:37:35,362 - WARNING - OPM Mismatch: CANBK Mar 2022 - Computed: 58.39493584841533, Source: -13657.0
2026-07-15 00:37:35,363 - WARNING - OPM Mismatch: CANBK Mar 2023 - Computed: 49.80147872154625, Source: -9877.0
2026-07-15 00:37:35,363 - WARNING - OPM Mismatch: CANBK Mar 2024 - Computed: 41.753906568101414, Source: -7745.0
2026-07-15 00:37:35,364 - WARNING - OPM Mismatch: CANBK TTM - Computed: 40.22547574376843, Source: -8985.0
2026-07-15 00:37:35,364 - WARNING - OPM Mismatch: CHOLAFIN Mar 2013 - Computed: 26.770428015564203, Source: 472.0
2026-07-15 00:37:35,365 - WARNING - OPM Mismatch: CHOLAFIN Mar 2014 - Computed: 28.42329978652028, Source: 578.0
2026-07-15 00:37:35,365 - WARNING - OPM Mismatch: CHOLAFIN Mar 2015 - Computed: 28.559892328398384, Source: 696.0
2026-07-15 00:37:35,366 - WARNING - OPM Mismatch: CHOLAFIN Mar 2016 - Computed: 30.042714760322735, Source: 899.0
2026-07-15 00:37:35,366 - WARNING - OPM Mismatch: CHOLAFIN Mar 2017 - Computed: 28.163613123135917, Source: 1143.0
2026-07-15 00:37:35,366 - WARNING - OPM Mismatch: CHOLAFIN Mar 2018 - Computed: 26.101816873538407, Source: 1451.0
2026-07-15 00:37:35,367 - WARNING - OPM Mismatch: CHOLAFIN Mar 2019 - Computed: 22.960045019696118, Source: 1888.0
2026-07-15 00:37:35,367 - WARNING - OPM Mismatch: CHOLAFIN Mar 2020 - Computed: 27.789256198347108, Source: 1699.0
2026-07-15 00:37:35,368 - WARNING - OPM Mismatch: CHOLAFIN Mar 2021 - Computed: 30.397579046227698, Source: 2094.0
2026-07-15 00:37:35,368 - WARNING - OPM Mismatch: CHOLAFIN Mar 2022 - Computed: 28.83326763894363, Source: 2924.0
2026-07-15 00:37:35,369 - WARNING - OPM Mismatch: CHOLAFIN Mar 2023 - Computed: 28.104625892579943, Source: 3515.0
2026-07-15 00:37:35,369 - WARNING - OPM Mismatch: CHOLAFIN Mar 2024 - Computed: 28.10102802275218, Source: 4548.0
2026-07-15 00:37:35,369 - WARNING - OPM Mismatch: CHOLAFIN TTM - Computed: 28.673006843836102, Source: 5175.0
2026-07-15 00:37:35,370 - WARNING - OPM Mismatch: CIPLA Mar 2013 - Computed: 73.25763981157145, Source: 2214.0
2026-07-15 00:37:35,370 - WARNING - OPM Mismatch: CIPLA Mar 2014 - Computed: 78.89511451882434, Source: 2147.0
2026-07-15 00:37:35,371 - WARNING - OPM Mismatch: CIPLA Mar 2015 - Computed: 80.94314676068753, Source: 2163.0
2026-07-15 00:37:35,371 - WARNING - OPM Mismatch: CIPLA Mar 2016 - Computed: 82.01595358955765, Source: 2480.0
2026-07-15 00:37:35,372 - WARNING - OPM Mismatch: CIPLA Mar 2017 - Computed: 82.65944143393081, Source: 2496.0
2026-07-15 00:37:35,372 - WARNING - OPM Mismatch: CIPLA Mar 2018 - Computed: 81.3473211929269, Source: 2826.0
2026-07-15 00:37:35,372 - WARNING - OPM Mismatch: CIPLA Mar 2019 - Computed: 81.07199608849774, Source: 3097.0
2026-07-15 00:37:35,373 - WARNING - OPM Mismatch: CIPLA Mar 2020 - Computed: 81.28648143824422, Source: 3206.0
2026-07-15 00:37:35,373 - WARNING - OPM Mismatch: CIPLA Mar 2021 - Computed: 77.80271398747391, Source: 4252.0
2026-07-15 00:37:35,374 - WARNING - OPM Mismatch: CIPLA Mar 2022 - Computed: 79.08376602490466, Source: 4553.0
2026-07-15 00:37:35,374 - WARNING - OPM Mismatch: CIPLA Mar 2023 - Computed: 77.90621017008746, Source: 5027.0
2026-07-15 00:37:35,375 - WARNING - OPM Mismatch: CIPLA Mar 2024 - Computed: 75.59168153953597, Source: 6291.0
2026-07-15 00:37:35,375 - WARNING - OPM Mismatch: CIPLA TTM - Computed: 74.40421037026054, Source: 6906.0
2026-07-15 00:37:35,375 - WARNING - OPM Mismatch: COALINDIA Mar 2013 - Computed: 73.51946473800565, Source: 18087.0
2026-07-15 00:37:35,376 - WARNING - OPM Mismatch: COALINDIA Mar 2014 - Computed: 74.83854520734195, Source: 17766.0
2026-07-15 00:37:35,376 - WARNING - OPM Mismatch: COALINDIA Mar 2015 - Computed: 76.60145709660011, Source: 17343.0
2026-07-15 00:37:35,377 - WARNING - OPM Mismatch: COALINDIA Mar 2016 - Computed: 75.96486045645446, Source: 18714.0
2026-07-15 00:37:35,377 - WARNING - OPM Mismatch: COALINDIA Mar 2017 - Computed: 84.0745100046057, Source: 12448.0
2026-07-15 00:37:35,377 - WARNING - OPM Mismatch: COALINDIA Mar 2018 - Computed: 89.10421847871991, Source: 9288.0
2026-07-15 00:37:35,378 - WARNING - OPM Mismatch: COALINDIA Mar 2019 - Computed: 74.88904062820076, Source: 25007.0
2026-07-15 00:37:35,378 - WARNING - OPM Mismatch: COALINDIA Mar 2020 - Computed: 77.53955037468776, Source: 21581.0
2026-07-15 00:37:35,379 - WARNING - OPM Mismatch: COALINDIA Mar 2021 - Computed: 79.3081998533757, Source: 18628.0
2026-07-15 00:37:35,380 - WARNING - OPM Mismatch: COALINDIA Mar 2022 - Computed: 77.46889668687052, Source: 24721.0
2026-07-15 00:37:35,380 - WARNING - OPM Mismatch: COALINDIA Mar 2023 - Computed: 68.00624945751237, Source: 44232.0
2026-07-15 00:37:35,380 - WARNING - OPM Mismatch: COALINDIA Mar 2024 - Computed: 66.29380849329698, Source: 47971.0
2026-07-15 00:37:35,381 - WARNING - OPM Mismatch: COALINDIA TTM - Computed: 66.78424833247819, Source: 46610.0
2026-07-15 00:37:35,381 - WARNING - OPM Mismatch: HDFCBANK Mar 2013 - Computed: 35.22210758205293, Source: 3534.0
2026-07-15 00:37:35,382 - WARNING - OPM Mismatch: HDFCBANK Mar 2014 - Computed: 31.742450945834804, Source: 5602.0
2026-07-15 00:37:35,382 - WARNING - OPM Mismatch: HDFCBANK Mar 2015 - Computed: 31.903051355938892, Source: 7214.0
2026-07-15 00:37:35,383 - WARNING - OPM Mismatch: HDFCBANK Mar 2016 - Computed: 31.751686140400874, Source: 9037.0
2026-07-15 00:37:35,383 - WARNING - OPM Mismatch: HDFCBANK Mar 2017 - Computed: 32.558583887213224, Source: 11374.0
2026-07-15 00:37:35,384 - WARNING - OPM Mismatch: HDFCBANK Mar 2018 - Computed: 34.62620767282619, Source: 13374.0
2026-07-15 00:37:35,385 - WARNING - OPM Mismatch: HDFCBANK Mar 2019 - Computed: 33.145367579235646, Source: 16592.0
2026-07-15 00:37:35,385 - WARNING - OPM Mismatch: HDFCBANK Mar 2020 - Computed: 37.203839952859916, Source: 14593.0
2026-07-15 00:37:35,386 - WARNING - OPM Mismatch: HDFCBANK Mar 2021 - Computed: 40.80605513722074, Source: 16848.0
2026-07-15 00:37:35,387 - WARNING - OPM Mismatch: HDFCBANK Mar 2022 - Computed: 41.60560852165725, Source: 20795.0
2026-07-15 00:37:35,388 - WARNING - OPM Mismatch: HDFCBANK Mar 2023 - Computed: 36.91977933167012, Source: 29932.0
2026-07-15 00:37:35,388 - WARNING - OPM Mismatch: HDFCBANK Mar 2024 - Computed: 61.41252040373843, Source: -44685.0
2026-07-15 00:37:35,389 - WARNING - OPM Mismatch: HDFCBANK TTM - Computed: 62.61253046908717, Source: -57587.0
2026-07-15 00:37:35,389 - WARNING - OPM Mismatch: HDFCLIFE Mar 2013 - Computed: 96.26600284495022, Source: 525.0
2026-07-15 00:37:35,390 - WARNING - OPM Mismatch: HDFCLIFE Mar 2014 - Computed: 96.47559128509845, Source: 605.0
2026-07-15 00:37:35,390 - WARNING - OPM Mismatch: HDFCLIFE Mar 2015 - Computed: 96.78853573397024, Source: 874.0
2026-07-15 00:37:35,390 - WARNING - OPM Mismatch: HDFCLIFE Mar 2016 - Computed: 94.74119398048619, Source: 953.0
2026-07-15 00:37:35,391 - WARNING - OPM Mismatch: HDFCLIFE Mar 2017 - Computed: 96.82513786014944, Source: 972.0
2026-07-15 00:37:35,391 - WARNING - OPM Mismatch: HDFCLIFE Mar 2018 - Computed: 96.67079975201489, Source: 1074.0
2026-07-15 00:37:35,392 - WARNING - OPM Mismatch: HDFCLIFE Mar 2019 - Computed: 96.87298931926392, Source: 1215.0
2026-07-15 00:37:35,392 - WARNING - OPM Mismatch: HDFCLIFE Mar 2020 - Computed: 96.11640571817563, Source: 1141.0
2026-07-15 00:37:35,393 - WARNING - OPM Mismatch: HDFCLIFE Mar 2021 - Computed: 98.27480147634493, Source: 1235.0
2026-07-15 00:37:35,393 - WARNING - OPM Mismatch: HDFCLIFE Mar 2022 - Computed: 98.84098560915294, Source: 778.0
2026-07-15 00:37:35,393 - WARNING - OPM Mismatch: HDFCLIFE Mar 2023 - Computed: 99.88605124845101, Source: 80.0
2026-07-15 00:37:35,394 - WARNING - OPM Mismatch: HDFCLIFE Mar 2024 - Computed: 99.47675449833469, Source: 531.0
2026-07-15 00:37:35,394 - WARNING - OPM Mismatch: HDFCLIFE TTM - Computed: 99.28154646131861, Source: 725.0
2026-07-15 00:37:35,395 - WARNING - OPM Mismatch: HEROMOTOCO Mar 2014 - Computed: 85.94263105835806, Source: 3553.0
2026-07-15 00:37:35,395 - WARNING - OPM Mismatch: HEROMOTOCO Mar 2015 - Computed: 87.21766286585809, Source: 3520.0
2026-07-15 00:37:35,395 - WARNING - OPM Mismatch: HEROMOTOCO Mar 2016 - Computed: 84.45373721755631, Source: 4424.0
2026-07-15 00:37:35,396 - WARNING - OPM Mismatch: HEROMOTOCO Mar 2017 - Computed: 83.9741349178609, Source: 4585.0
2026-07-15 00:37:35,396 - WARNING - OPM Mismatch: HEROMOTOCO Mar 2018 - Computed: 83.56645511122065, Source: 5334.0
2026-07-15 00:37:35,397 - WARNING - OPM Mismatch: HEROMOTOCO Mar 2019 - Computed: 85.2079715051073, Source: 5025.0
2026-07-15 00:37:35,397 - WARNING - OPM Mismatch: HEROMOTOCO Mar 2020 - Computed: 86.0873726669857, Source: 4070.0
2026-07-15 00:37:35,398 - WARNING - OPM Mismatch: HEROMOTOCO Mar 2021 - Computed: 86.89557156238897, Source: 4058.0
2026-07-15 00:37:35,398 - WARNING - OPM Mismatch: HEROMOTOCO Mar 2022 - Computed: 88.98176034651958, Source: 3256.0
2026-07-15 00:37:35,399 - WARNING - OPM Mismatch: HEROMOTOCO Mar 2023 - Computed: 88.00281046899701, Source: 4099.0
2026-07-15 00:37:35,399 - WARNING - OPM Mismatch: HEROMOTOCO Mar 2024 - Computed: 86.14676228532112, Source: 5235.0
2026-07-15 00:37:35,400 - WARNING - OPM Mismatch: HEROMOTOCO TTM - Computed: 86.13147787919597, Source: 5561.0
2026-07-15 00:37:35,401 - WARNING - OPM Mismatch: HINDALCO Mar 2013 - Computed: 90.39941141994937, Source: 7699.0
2026-07-15 00:37:35,401 - WARNING - OPM Mismatch: HINDALCO Mar 2014 - Computed: 90.85010547921775, Source: 8024.0
2026-07-15 00:37:35,402 - WARNING - OPM Mismatch: HINDALCO Mar 2015 - Computed: 91.51906867022755, Source: 8844.0
2026-07-15 00:37:35,403 - WARNING - OPM Mismatch: HINDALCO Mar 2016 - Computed: 92.12426209256877, Source: 7778.0
2026-07-15 00:37:35,404 - WARNING - OPM Mismatch: HINDALCO Mar 2017 - Computed: 87.70562165615267, Source: 12317.0
2026-07-15 00:37:35,404 - WARNING - OPM Mismatch: HINDALCO Mar 2018 - Computed: 88.1102245991162, Source: 13695.0
2026-07-15 00:37:35,405 - WARNING - OPM Mismatch: HINDALCO Mar 2019 - Computed: 88.11800033705627, Source: 15511.0
2026-07-15 00:37:35,405 - WARNING - OPM Mismatch: HINDALCO Mar 2020 - Computed: 87.89104821235102, Source: 14306.0
2026-07-15 00:37:35,406 - WARNING - OPM Mismatch: HINDALCO Mar 2021 - Computed: 86.69853342221684, Source: 17559.0
2026-07-15 00:37:35,406 - WARNING - OPM Mismatch: HINDALCO Mar 2022 - Computed: 85.46747394378112, Source: 28347.0
2026-07-15 00:37:35,407 - WARNING - OPM Mismatch: HINDALCO Mar 2023 - Computed: 89.84507307282192, Source: 22666.0
2026-07-15 00:37:35,407 - WARNING - OPM Mismatch: HINDALCO Mar 2024 - Computed: 88.94620349876368, Source: 23872.0
2026-07-15 00:37:35,408 - WARNING - OPM Mismatch: HINDALCO TTM - Computed: 87.53180547991678, Source: 27931.0
2026-07-15 00:37:35,408 - WARNING - OPM Mismatch: HINDUNILVR Mar 2013 - Computed: 84.37268552806991, Source: 4220.0
2026-07-15 00:37:35,408 - WARNING - OPM Mismatch: HINDUNILVR Mar 2014 - Computed: 83.72100978312923, Source: 4759.0
2026-07-15 00:37:35,409 - WARNING - OPM Mismatch: HINDUNILVR Mar 2015 - Computed: 83.07268860252721, Source: 5412.0
2026-07-15 00:37:35,409 - WARNING - OPM Mismatch: HINDUNILVR Mar 2016 - Computed: 81.63797924563475, Source: 5910.0
2026-07-15 00:37:35,410 - WARNING - OPM Mismatch: HINDUNILVR Mar 2017 - Computed: 80.91791809902901, Source: 6328.0
2026-07-15 00:37:35,410 - WARNING - OPM Mismatch: HINDUNILVR Mar 2018 - Computed: 78.90279926853285, Source: 7499.0
2026-07-15 00:37:35,410 - WARNING - OPM Mismatch: HINDUNILVR Mar 2019 - Computed: 77.41032816077335, Source: 8880.0
2026-07-15 00:37:35,411 - WARNING - OPM Mismatch: HINDUNILVR Mar 2020 - Computed: 75.21303069150139, Source: 9861.0
2026-07-15 00:37:35,411 - WARNING - OPM Mismatch: HINDUNILVR Mar 2021 - Computed: 75.27855745513311, Source: 11626.0
2026-07-15 00:37:35,412 - WARNING - OPM Mismatch: HINDUNILVR Mar 2022 - Computed: 75.48526103039318, Source: 12857.0
2026-07-15 00:37:35,412 - WARNING - OPM Mismatch: HINDUNILVR Mar 2023 - Computed: 76.64740838560581, Source: 14147.0
2026-07-15 00:37:35,412 - WARNING - OPM Mismatch: HINDUNILVR Mar 2024 - Computed: 76.31672482874498, Source: 14659.0
2026-07-15 00:37:35,413 - WARNING - OPM Mismatch: HINDUNILVR TTM - Computed: 76.44627439715293, Source: 14759.0
2026-07-15 00:37:35,413 - WARNING - OPM Mismatch: ICICIBANK Mar 2013 - Computed: 70.58928372507519, Source: -15085.0
2026-07-15 00:37:35,414 - WARNING - OPM Mismatch: ICICIBANK Mar 2014 - Computed: 66.39584470179268, Source: -13084.0
2026-07-15 00:37:35,414 - WARNING - OPM Mismatch: ICICIBANK Mar 2015 - Computed: 70.52980132450331, Source: -16120.0
2026-07-15 00:37:35,415 - WARNING - OPM Mismatch: ICICIBANK Mar 2016 - Computed: 88.12358754680069, Source: -26955.0
2026-07-15 00:37:35,415 - WARNING - OPM Mismatch: ICICIBANK Mar 2017 - Computed: 104.76042008532984, Source: -37737.0
2026-07-15 00:37:35,415 - WARNING - OPM Mismatch: ICICIBANK Mar 2018 - Computed: 117.12300119043788, Source: -44906.0
2026-07-15 00:37:35,416 - WARNING - OPM Mismatch: ICICIBANK Mar 2019 - Computed: 116.38326248228724, Source: -50971.0
2026-07-15 00:37:35,417 - WARNING - OPM Mismatch: ICICIBANK Mar 2020 - Computed: 100.6188410580414, Source: -45190.0
2026-07-15 00:37:35,417 - WARNING - OPM Mismatch: ICICIBANK Mar 2021 - Computed: 102.40682794432668, Source: -44805.0
2026-07-15 00:37:35,418 - WARNING - OPM Mismatch: ICICIBANK Mar 2022 - Computed: 84.68770635278334, Source: -26558.0
2026-07-15 00:37:35,419 - WARNING - OPM Mismatch: ICICIBANK Mar 2023 - Computed: 72.57469004765956, Source: -17341.0
2026-07-15 00:37:35,419 - WARNING - OPM Mismatch: ICICIBANK Mar 2024 - Computed: 62.41380175029464, Source: -14152.0
2026-07-15 00:37:35,420 - WARNING - OPM Mismatch: ICICIBANK TTM - Computed: 69.63240303293806, Source: -31575.0
2026-07-15 00:37:35,421 - WARNING - OPM Mismatch: ICICIGI Mar 2013 - Computed: 104.46161515453637, Source: -178.0
2026-07-15 00:37:35,421 - WARNING - OPM Mismatch: ICICIGI Mar 2014 - Computed: 105.19301470588236, Source: -225.0
2026-07-15 00:37:35,422 - WARNING - OPM Mismatch: ICICIGI Mar 2015 - Computed: 105.24326877657062, Source: -221.0
2026-07-15 00:37:35,422 - WARNING - OPM Mismatch: ICICIGI Mar 2016 - Computed: 87.33631692358695, Source: 764.0
2026-07-15 00:37:35,423 - WARNING - OPM Mismatch: ICICIGI Mar 2017 - Computed: 87.77925531914894, Source: 919.0
2026-07-15 00:37:35,423 - WARNING - OPM Mismatch: ICICIGI Mar 2018 - Computed: 103.79050925925925, Source: -262.0
2026-07-15 00:37:35,424 - WARNING - OPM Mismatch: ICICIGI Mar 2019 - Computed: 85.04882200125414, Source: 1669.0
2026-07-15 00:37:35,424 - WARNING - OPM Mismatch: ICICIGI Mar 2020 - Computed: 84.61404879742989, Source: 1772.0
2026-07-15 00:37:35,424 - WARNING - OPM Mismatch: ICICIGI Mar 2021 - Computed: 82.97015048104596, Source: 2072.0
2026-07-15 00:37:35,425 - WARNING - OPM Mismatch: ICICIGI Mar 2022 - Computed: 93.660302009235, Source: 1016.0
2026-07-15 00:37:35,425 - WARNING - OPM Mismatch: ICICIGI Mar 2023 - Computed: 92.92906690534795, Source: 1264.0
2026-07-15 00:37:35,426 - WARNING - OPM Mismatch: ICICIGI Mar 2024 - Computed: 87.42129155073948, Source: 2577.0
2026-07-15 00:37:35,426 - WARNING - OPM Mismatch: ICICIGI TTM - Computed: 85.5671430410712, Source: 3363.0
2026-07-15 00:37:35,426 - WARNING - OPM Mismatch: ICICIPRULI Mar 2013 - Computed: 96.27965043695382, Source: 745.0
2026-07-15 00:37:35,427 - WARNING - OPM Mismatch: ICICIPRULI Mar 2014 - Computed: 93.12865497076024, Source: 1504.0
2026-07-15 00:37:35,427 - WARNING - OPM Mismatch: ICICIPRULI Mar 2015 - Computed: 95.1963544538937, Source: 1655.0
2026-07-15 00:37:35,428 - WARNING - OPM Mismatch: ICICIPRULI Mar 2016 - Computed: 91.16984028010936, Source: 1842.0
2026-07-15 00:37:35,428 - WARNING - OPM Mismatch: ICICIPRULI Mar 2017 - Computed: 95.22424370636767, Source: 1806.0
2026-07-15 00:37:35,428 - WARNING - OPM Mismatch: ICICIPRULI Mar 2018 - Computed: 95.44190358467245, Source: 1771.0
2026-07-15 00:37:35,429 - WARNING - OPM Mismatch: ICICIPRULI Mar 2019 - Computed: 98.69522224634011, Source: 541.0
2026-07-15 00:37:35,429 - WARNING - OPM Mismatch: ICICIPRULI Mar 2020 - Computed: 101.51724137931035, Source: -319.0
2026-07-15 00:37:35,430 - WARNING - OPM Mismatch: ICICIPRULI Mar 2021 - Computed: 100.46885143420452, Source: -390.0
2026-07-15 00:37:35,430 - WARNING - OPM Mismatch: ICICIPRULI Mar 2022 - Computed: 103.40444276634572, Source: -2163.0
2026-07-15 00:37:35,431 - WARNING - OPM Mismatch: ICICIPRULI Mar 2023 - Computed: 103.48072427592219, Source: -1757.0
2026-07-15 00:37:35,431 - WARNING - OPM Mismatch: ICICIPRULI Mar 2024 - Computed: 102.02531365231931, Source: -1829.0
2026-07-15 00:37:35,431 - WARNING - OPM Mismatch: ICICIPRULI TTM - Computed: 99.5861908936214, Source: 321.0
2026-07-15 00:37:35,432 - WARNING - OPM Mismatch: INDIGO Mar 2013 - Computed: 90.7095512332935, Source: 855.0
2026-07-15 00:37:35,432 - WARNING - OPM Mismatch: INDIGO Mar 2014 - Computed: 96.10506431591257, Source: 433.0
2026-07-15 00:37:35,433 - WARNING - OPM Mismatch: INDIGO Mar 2015 - Computed: 86.33393177737881, Source: 1904.0
2026-07-15 00:37:35,433 - WARNING - OPM Mismatch: INDIGO Mar 2016 - Computed: 80.39653035935564, Source: 3164.0
2026-07-15 00:37:35,434 - WARNING - OPM Mismatch: INDIGO Mar 2017 - Computed: 88.06243272335846, Source: 2219.0
2026-07-15 00:37:35,435 - WARNING - OPM Mismatch: INDIGO Mar 2018 - Computed: 86.8381043395161, Source: 3030.0
2026-07-15 00:37:35,436 - WARNING - OPM Mismatch: INDIGO Mar 2019 - Computed: 100.52988033828123, Source: -151.0
2026-07-15 00:37:35,436 - WARNING - OPM Mismatch: INDIGO Mar 2020 - Computed: 88.62009173285603, Source: 4069.0
2026-07-15 00:37:35,437 - WARNING - OPM Mismatch: INDIGO Mar 2021 - Computed: 99.97950959633904, Source: 2.0
2026-07-15 00:37:35,438 - WARNING - OPM Mismatch: INDIGO Mar 2022 - Computed: 97.84813543635032, Source: 558.0
2026-07-15 00:37:35,438 - WARNING - OPM Mismatch: INDIGO Mar 2023 - Computed: 88.02483194357713, Source: 6521.0
2026-07-15 00:37:35,439 - WARNING - OPM Mismatch: INDIGO Mar 2024 - Computed: 76.29890862649484, Source: 16331.0
2026-07-15 00:37:35,439 - WARNING - OPM Mismatch: INDIGO TTM - Computed: 79.1987028610283, Source: 15908.0
2026-07-15 00:37:35,439 - WARNING - OPM Mismatch: INDUSINDBK Mar 2013 - Computed: 27.881999140770443, Source: 286.0
2026-07-15 00:37:35,440 - WARNING - OPM Mismatch: INDUSINDBK Mar 2014 - Computed: 30.95468863581294, Source: 335.0
2026-07-15 00:37:35,440 - WARNING - OPM Mismatch: INDUSINDBK Mar 2015 - Computed: 32.32562938505985, Source: 288.0
2026-07-15 00:37:35,441 - WARNING - OPM Mismatch: INDUSINDBK Mar 2016 - Computed: 35.27628032345013, Source: 329.0
2026-07-15 00:37:35,441 - WARNING - OPM Mismatch: INDUSINDBK Mar 2017 - Computed: 39.455782312925166, Source: 379.0
2026-07-15 00:37:35,442 - WARNING - OPM Mismatch: INDUSINDBK Mar 2018 - Computed: 37.931832648573575, Source: 942.0
2026-07-15 00:37:35,442 - WARNING - OPM Mismatch: INDUSINDBK Mar 2019 - Computed: 41.70073222227214, Source: -437.0
2026-07-15 00:37:35,442 - WARNING - OPM Mismatch: INDUSINDBK Mar 2020 - Computed: 43.81405690859187, Source: -553.0
2026-07-15 00:37:35,443 - WARNING - OPM Mismatch: INDUSINDBK Mar 2021 - Computed: 55.16206896551724, Source: -2469.0
2026-07-15 00:37:35,443 - WARNING - OPM Mismatch: INDUSINDBK Mar 2022 - Computed: 51.39186295503212, Source: -839.0
2026-07-15 00:37:35,444 - WARNING - OPM Mismatch: INDUSINDBK Mar 2023 - Computed: 42.68862736471624, Source: 2067.0
2026-07-15 00:37:35,444 - WARNING - OPM Mismatch: INDUSINDBK Mar 2024 - Computed: 38.55469091544986, Source: 2978.0
2026-07-15 00:37:35,444 - WARNING - OPM Mismatch: INDUSINDBK TTM - Computed: 41.02522243082197, Source: 1323.0
2026-07-15 00:37:35,445 - WARNING - OPM Mismatch: JIOFIN Mar 2023 - Computed: 86.66666666666667, Source: 88.0
2026-07-15 00:37:35,445 - WARNING - OPM Mismatch: KOTAKBANK Mar 2013 - Computed: 60.92452482007751, Source: -1789.0
2026-07-15 00:37:35,446 - WARNING - OPM Mismatch: KOTAKBANK Mar 2014 - Computed: 58.84365092608043, Source: -1379.0
2026-07-15 00:37:35,446 - WARNING - OPM Mismatch: KOTAKBANK Mar 2015 - Computed: 72.96343569337037, Source: -3366.0
2026-07-15 00:37:35,446 - WARNING - OPM Mismatch: KOTAKBANK Mar 2016 - Computed: 56.567983531026364, Source: -2263.0
2026-07-15 00:37:35,447 - WARNING - OPM Mismatch: KOTAKBANK Mar 2017 - Computed: 66.439706145852, Source: -3965.0
2026-07-15 00:37:35,447 - WARNING - OPM Mismatch: KOTAKBANK Mar 2018 - Computed: 66.86960327881899, Source: -4141.0
2026-07-15 00:37:35,448 - WARNING - OPM Mismatch: KOTAKBANK Mar 2019 - Computed: 66.2331132043847, Source: -5114.0
2026-07-15 00:37:35,448 - WARNING - OPM Mismatch: KOTAKBANK Mar 2020 - Computed: 67.44936368524826, Source: -5005.0
2026-07-15 00:37:35,448 - WARNING - OPM Mismatch: KOTAKBANK Mar 2021 - Computed: 90.83485679463742, Source: -9958.0
2026-07-15 00:37:35,449 - WARNING - OPM Mismatch: KOTAKBANK Mar 2022 - Computed: 90.98426246999199, Source: -8512.0
2026-07-15 00:37:35,450 - WARNING - OPM Mismatch: KOTAKBANK Mar 2023 - Computed: 79.44058266707789, Source: -5746.0
2026-07-15 00:37:35,450 - WARNING - OPM Mismatch: KOTAKBANK Mar 2024 - Computed: 83.66733645109092, Source: -13382.0
2026-07-15 00:37:35,451 - WARNING - OPM Mismatch: KOTAKBANK TTM - Computed: 79.42172888077062, Source: -14146.0
2026-07-15 00:37:35,452 - WARNING - OPM Mismatch: SUNPHARMA Mar 2024 - Computed: 26.84289749881436, Source: 28.0
